{
  "Manufacturer": "",
  "UniqueID": "",
  "AdditionalData": "",
  "Date": "0001-01-01T00:00:00Z",
  "FixAccuracy": 0,
  "Pilot": "",
  "Crew": "",
  "GliderType": "",
  "GliderID": "",
  "GPSDatum": "",
  "FirmwareVersion": "",
  "HardwareVersion": "",
  "FlightRecorder": "",
  "GPS": "",
  "PressureSensor": "",
  "CompetitionID": "",
  "CompetitionClass": "",
  "Timezone": 0,
  "Points": null,
  "K": null,
  "Events": null,
  "Satellites": [
    {
      "Time": "0000-01-01T16:02:31Z",
      "Ids": [
        "0a",
        "02"
      ]
    }
  ],
  "Logbook": null,
  "Task": {
    "DeclarationDate": "0001-01-01T00:00:00Z",
    "Date": "0001-01-01T00:00:00Z",
    "Number": 0,
    "Takeoff": {
      "Lat": 0,
      "Lng": 0,
      "Time": "0001-01-01T00:00:00Z",
      "FixValidity": 0,
      "PressureAltitude": 0,
      "GNSSAltitude": 0,
      "IData": null,
      "NumSatellites": 0,
      "Description": ""
    },
    "Start": {
      "Lat": 0,
      "Lng": 0,
      "Time": "0001-01-01T00:00:00Z",
      "FixValidity": 0,
      "PressureAltitude": 0,
      "GNSSAltitude": 0,
      "IData": null,
      "NumSatellites": 0,
      "Description": ""
    },
    "Turnpoints": null,
    "Finish": {
      "Lat": 0,
      "Lng": 0,
      "Time": "0001-01-01T00:00:00Z",
      "FixValidity": 0,
      "PressureAltitude": 0,
      "GNSSAltitude": 0,
      "IData": null,
      "NumSatellites": 0,
      "Description": ""
    },
    "Landing": {
      "Lat": 0,
      "Lng": 0,
      "Time": "0001-01-01T00:00:00Z",
      "FixValidity": 0,
      "PressureAltitude": 0,
      "GNSSAltitude": 0,
      "IData": null,
      "NumSatellites": 0,
      "Description": ""
    },
    "Description": ""
  },
  "DGPSStationID": "",
  "Signature": ""
}