{"Manufacturer":"FLA","UniqueID":"5HH","AdditionalData":"","Date":"2017-08-09T00:00:00Z","Site":"","FixAccuracy":500,"Pilot":"Dijon Planeurs CDVV","PilotBirth":"0001-01-01T00:00:00Z","Crew":"Dijon Planeurs CDVV","GliderType":"DG 500","GliderID":"F-CIED","Observation":"","GPSDatum":"WGS84","FirmwareVersion":"Flarm-IGC06.09","HardwareVersion":"Flarm-IGC06","SoftwareVersion":"","Specification":"","FlightRecorder":"Flarm-IGC","GPS":"u-blox:LEA-4P,16,8191","GNSSModel":"","PressureModel":"","PressureSensor":"Intersema MS5534B,8191","AltimeterPressure":0,"CompetitionID":"","CompetitionClass":"","Timezone":0,"MOPSensor":"","Points":[{"Lat":0.827064408630309,"Lng":0.08636238204718341,"Time":"2017-09-10T12:12:43Z","FixValidity":86,"PressureAltitude":1266,"GNSSAltitude":0,"IData":{"ENL":"002","FXA":"999","SIU":"00"},"NumSatellites":0,"Description":""},{"Lat":0.8272107253992678,"Lng":0.08693252293616822,"Time":"2017-09-10T12:12:47Z","FixValidity":65,"PressureAltitude":1263,"GNSSAltitude":1390,"IData":{"ENL":"002","FXA":"009","SIU":"04"},"NumSatellites":0,"Description":""},{"Lat":0.8273387162110807,"Lng":0.08696364797449545,"Time":"2017-09-10T12:14:59Z","FixValidity":65,"PressureAltitude":1502,"GNSSAltitude":1596,"IData":{"ENL":"001","FXA":"004","SIU":"08"},"NumSatellites":0,"Description":""},{"Lat":0.8274771789984056,"Lng":0.08704538756113053,"Time":"2017-09-10T12:17:47Z","FixValidity":65,"PressureAltitude":1786,"GNSSAltitude":1882,"IData":{"ENL":"001","FXA":"004","SIU":"08"},"NumSatellites":8,"Description":""},{"Lat":0.8273573330564353,"Lng":0.08785987454539454,"Time":"2017-09-10T12:20:11Z","FixValidity":65,"PressureAltitude":1719,"GNSSAltitude":1807,"IData":{"ENL":"001","FXA":"004","SIU":"10"},"NumSatellites":8,"Description":""},{"Lat":0.8272002534237558,"Lng":0.08755124215600021,"Time":"2017-09-10T12:21:47Z","FixValidity":65,"PressureAltitude":1737,"GNSSAltitude":1825,"IData":{"ENL":"007","FXA":"004","SIU":"10"},"NumSatellites":8,"Description":""},{"Lat":0.8267290145257173,"Lng":0.08740114384032871,"Time":"2017-09-10T12:24:23Z","FixValidity":65,"PressureAltitude":1873,"GNSSAltitude":1965,"IData":{"ENL":"006","FXA":"004","SIU":"10"},"NumSatellites":10,"Description":""},{"Lat":0.8267999912486318,"Lng":0.08675159047037814,"Time":"2017-09-10T12:25:59Z","FixValidity":65,"PressureAltitude":1888,"GNSSAltitude":1986,"IData":{"ENL":"003","FXA":"004","SIU":"10"},"NumSatellites":10,"Description":""},{"Lat":0.8268255894109943,"Lng":0.08690168878604966,"Time":"2017-09-10T12:26:59Z","FixValidity":65,"PressureAltitude":1996,"GNSSAltitude":2097,"IData":{"ENL":"002","FXA":"004","SIU":"10"},"NumSatellites":10,"Description":""},{"Lat":0.8268933663636134,"Lng":0.08582016642623051,"Time":"2017-09-10T12:29:07Z","FixValidity":65,"PressureAltitude":1854,"GNSSAltitude":1946,"IData":{"ENL":"007","FXA":"004","SIU":"09"},"NumSatellites":10,"Description":""},{"Lat":0.8262164695020484,"Lng":0.08566628656384635,"Time":"2017-09-10T12:31:55Z","FixValidity":65,"PressureAltitude":1630,"GNSSAltitude":1719,"IData":{"ENL":"000","FXA":"004","SIU":"10"},"NumSatellites":10,"Description":""},{"Lat":0.8263002453061441,"Lng":0.08578351451193864,"Time":"2017-09-10T12:33:07Z","FixValidity":65,"PressureAltitude":1729,"GNSSAltitude":1822,"IData":{"ENL":"004","FXA":"004","SIU":"09"},"NumSatellites":10,"Description":""},{"Lat":0.8254619054887695,"Lng":0.08533118334746342,"Time":"2017-09-10T12:38:55Z","FixValidity":65,"PressureAltitude":1931,"GNSSAltitude":2030,"IData":{"ENL":"003","FXA":"004","SIU":"09"},"NumSatellites":9,"Description":""},{"Lat":0.8247815179687004,"Lng":0.08545481083614637,"Time":"2017-09-10T12:41:39Z","FixValidity":65,"PressureAltitude":1727,"GNSSAltitude":1813,"IData":{"ENL":"005","FXA":"004","SIU":"09"},"NumSatellites":9,"Description":""},{"Lat":0.8259680509718478,"Lng":0.0857794420770173,"Time":"2017-09-10T12:45:31Z","FixValidity":65,"PressureAltitude":1532,"GNSSAltitude":1621,"IData":{"ENL":"002","FXA":"004","SIU":"10"},"NumSatellites":9,"Description":""},{"Lat":0.8265137572513047,"Lng":0.08716232462101414,"Time":"2017-09-10T12:48:31Z","FixValidity":65,"PressureAltitude":1048,"GNSSAltitude":1128,"IData":{"ENL":"001","FXA":"003","SIU":"10"},"NumSatellites":10,"Description":""},{"Lat":0.8266426207277435,"Lng":0.08677893396199272,"Time":"2017-09-10T12:49:39Z","FixValidity":65,"PressureAltitude":907,"GNSSAltitude":989,"IData":{"ENL":"040","FXA":"003","SIU":"11"},"NumSatellites":10,"Description":""},{"Lat":0.8269090743268814,"Lng":0.08643743120501916,"Time":"2017-09-10T12:50:59Z","FixValidity":65,"PressureAltitude":638,"GNSSAltitude":715,"IData":{"ENL":"002","FXA":"003","SIU":"11"},"NumSatellites":10,"Description":""},{"Lat":0.8271519659811173,"Lng":0.08647902821885836,"Time":"2017-09-10T12:51:51Z","FixValidity":65,"PressureAltitude":533,"GNSSAltitude":605,"IData":{"ENL":"002","FXA":"003","SIU":"11"},"NumSatellites":10,"Description":""},{"Lat":0.8270440464557023,"Lng":0.08636907247598273,"Time":"2017-09-10T12:52:39Z","FixValidity":65,"PressureAltitude":456,"GNSSAltitude":523,"IData":{"ENL":"035","FXA":"003","SIU":"10"},"NumSatellites":10,"Description":""},{"Lat":0.8270786621525336,"Lng":0.08638652576850267,"Time":"2017-09-10T12:57:47Z","FixValidity":65,"PressureAltitude":458,"GNSSAltitude":529,"IData":{"ENL":"000","FXA":"003","SIU":"11"},"NumSatellites":11,"Description":""}],"K":null,"Events":null,"Satellites":[{"Time":"0000-01-01T12:17:06Z","Ids":["26","16","21","07","18","10","08","27"]},{"Time":"0000-01-01T12:22:06Z","Ids":["26","16","21","07","18","10","15","08","27","20"]},{"Time":"0000-01-01T12:27:06Z","Ids":["26","16","21","07","20","18","10","15","08","27"]},{"Time":"0000-01-01T12:32:06Z","Ids":["26","16","21","07","20","18","10","15","08","27"]},{"Time":"0000-01-01T12:37:06Z","Ids":["26","16","21","07","18","10","15","08","27"]},{"Time":"0000-01-01T12:42:06Z","Ids":["26","16","21","07","18","10","15","08","27"]},{"Time":"0000-01-01T12:47:06Z","Ids":["26","16","21","07","18","10","15","08","30","27"]},{"Time":"0000-01-01T12:52:06Z","Ids":["26","16","21","07","18","11","10","15","08","27"]},{"Time":"0000-01-01T12:57:06Z","Ids":["26","16","21","07","18","11","10","15","08","30","27"]}],"Logbook":["FLA12124502DAWciK_WVHu\u003cvHT]mF[GSFM\u003eW\u003eX?","FLA12124502Av`LNL`Xp_JqCuiP@sNrfsxcjcmb","FLA12124502=AXdfP#T%q\u003c#Vht=Mf;gsfm%w%x_","FLA121247 STEALTH OFF","FLA121247 NOTRACK OFF","FLA121247ID 2 DDB1CA","FLA121247OB","FLA12124707OBSTEXP","FLA12124707DEVNO Flarm-IGC06-935810288","FLA12124707BUILD d4ec337","FLA12124707RANGE 3000","FLA12124707ACFT 1","FLA12124707FREQ 100","FLA12124707CFLAGS 00","FLA12124707RFTX 1","FLA12124707MISC 00","FLA12124707LOGINT 4","FLA12124707NMEAOUT1 1","FLA12124707BAUD1 2","FLA121247EE0BDffywIHA?A?A?A?A?rsNQrssrrsut","FLA121247EE1A?rstutursA?A?A?A?srsrA?rssrVV","FLA121247EE2A?vwA?rsA?GFjjjj`aA?rsrsrsA?A?","FLA121247EE3dersrs","FLA121250011","FLA12125702Av`LN@jBuiTfK]mO?c?cwbir#u[t","FLA12130102Av`LNfT#RItGj\u003c@br;g;M?\u003cOFOIN","FLA12130303vwruQLNMUqqvjw","FLA12130702Av`LNdW_=Q#KfXrZjsOs_mn]sZt[","FLA12130702Av`LN]NfnZOcN`axh`D`ugby`y_x","FLA12131102DAWciLZR\u003cP]dN`W=MSoSGRAJDMCL","FLA12131202Av`LNAjBIWbY#Jx[kwKwisvekblc","FLA12131502=AXdf[PhFVc%TboqaKwKIS\u003cOIPFQ","FLA12131502=AXdfvDlscVKiWOP@xLxis#ofoin","FLA12131602DAWciaOgviTSaO]`pG[GSFM\u003eW\u003eX?","FLA12131902Av`LNAgOpcVZWiMUEeAetfcxax%y","FLA12132202=AXdf?cK`tI?uC_hxUqUBX?LELBM","FLA12132702=AXdfcBj[wB@rD:qa=i=WEJAW\u003eX?","FLA12133002=AXdfWr:nbW:xF]YIc?co]ripioh","FLA12133502Av`LNdmEw[NFl:eP@Ad@N\u003cAJCJDK","FLA12134202=AXdfav\u003eeo:iK]A]maD`n#shngqf","FLA12134402DAWci#BjQ=pEp\u003euVFZFZn[xcmdje","FLA12134702DAWciVpHVExR_QKtdB%BVCP;R;U:","FLA12135402=AXdfW:rJHubP%\u003cQArNrhr]ngnho","FLA12135502Av`LNx#Thk\u003e:xFWDTf:fIRWDMDJE","FLA12140002DAWciHr:n[NWZLY\u003cL[G[oZyblekd","FLA12140303wvpoehbia@@G;F","FLA12140502=AXdfN?w_yD#Vh;\u003eNaEaYBM\u003eXAW@","FLA12140602=AXdfxhPX\u003ekXZLYRByMyCX?LELBM","FLA12141002DAWciQw?\u003cLaMiW#iy@d@LARIPIOH","FLA12141502=AXdfG\u003evdp=kFxw\u003eNb\u003ebrin]r[uZ","FLA12142002=AXdflr:DSfdN`rRBpTpCW@KBKEJ","FLA12142302Av`LN[fNoZOGm;@_oI]Isgby`y_x","FLA12142702=AXdfyoGwdYY[MXn%d@dP\u003cSHNGQF","FLA12143002=AXdf`hPwOZdN`J=MMyMP\u003cSHQHNI","FLA12143402DAWci]BjhuH\u003erDx%nd@dxen]t]s#","FLA12143902Av`LNYEmF`MSaOFFVXlXydir[r#s","FLA12144502DAWcig:rBP]eQ_UK;kWk_jir[r#s","FLA12144702Av`LNeyAf;n`Rdc_o:f:FSVELEKD","FLA12145302DAWcia@xq`MxWijCSjVj%khsZs]r","FLA12145602=AXdfwbJi:o=xF%SCh\u003chxejaxaw`","FLA12145802Av`LNSDlrP]PeS]=MkWko_Zqhqgp","FLA12150202=AXdfBRZOuHy\u003cjVueRnR=MBY@Y?X","FLA12150303vwru`]_#d;;D@E","FLA12150602DAWciqPhygRPoA`CSWkWCV=NGNHO","FLA12151102=AXdf%x@LxEfK]xbrrNrXIN=T=S\u003c","FLA12151502Av`LNw`Xc:oS%P=XHJvJPA\u003cOFOIN","FLA12152702Av`LNQ@x]wBWZL;FVwKwVDIR;R\u003cS","FLA121530AZNSTAT 0 0","FLA12153102Av`LNL;sdo:KfXGo_AeA`jo#r[uZ","FLA12153202DAWci[\u003evV:okM[u;KoSo[nev_v`w","FLA12154202DAWciwS[RCvtRdChx\u003eb\u003eJ?TGQHNI","FLA12155302DAWci:]U[k\u003eiHvW?OSoSGRAJCJDK","FLA12155702DAWcixX`ETivWi_sc_C_k%ufpioh","FLA12160303vwruSVTWOnnymx","FLA12160902DAWciEiQmcVcCu?CSxLxdyZqhqgp","FLA12161302DAWcibIqEK%Pp\u003e@CSxLxdyZqgnho","FLA12161802DAWciR:rim@pP%kIYsOsgrajcjdk","FLA121620RFC 433 314 10 0 0","FLA12162202DAWciphPneXiIwSueFZFRGL?Y@VA","FLA12163802DAWciuX`o_JsSe`m]?c?K\u003eUFOFPG","FLA12164502DAWciFhPDN[sSe?UEpTp#qby_v`w","FLA12165402DAWcivU]BLalLZMYIqUq]pcxax%y","FLA12165902DAWci%w?nhU=]KRZjD`DXEN=S:T;","FLA12170303vwqnWRXSKkktpu","FLA12170502DAWciR\u003ct;WbYrDgL\u003cd@dxen]t]s#","FLA12171202DAWciniQdn;%=kpVF@d@LARIOFPG","FLA12171402DAWciGOg]lAgDro_opTp#qby`y_x","FLA12171802DAWci?V%W=pWtBDYID`DXEN=S:T;","FLA12171802DAWcicIq[yDYrD:QAAeAM@SHQHNI","FLA12172302DAWciA[S_sFOl:NDTYmYEX;PFOIN","FLA12174602DAWci`r:BOZdGyMm]C_CWBQ:S:T;","FLA12175302DAWciAS[hk\u003eoM[\u003ceuAeAM@SHNGQF","FLA12180202DAWcihnF?Ti\u003c%PL?Og;gsfm%w%x_","FLA12180303vwqnSVTWOrrmyl","FLA12180802DAWciR\u003ctmhUpJ#U\u003eNg;gsfm%xaw`","FLA12182402DAWcijcK\u003c@m\u003c%PU:JESDXEN=T=S\u003c","FLA12183102DAWciPjBBDyyRd@UE]H#p]vekblc","FLA12190303vwst`]_#d@@G;F","FLA12193202Av`LNYKcyRf]:lRSCRDSTIFU\u003cU;T","FLA12193702Av`LNtqI?#PWxF\u003e\u003eNAO@?JM\u003eXAW@","FLA12193902Av`LNumEdHtIgYCCSESDBWXCJCMB","FLA121946AZNSTAT 0 0","FLA12195502Av`LNohPQo;Lj\u003cV\u003cL@NAALK@V?Y\u003e","FLA12200303vwstUXRYQrrmyl","FLA12200902Av`LNRu=h;oIhVQXHH]ISFIR;R\u003cS","FLA12201402Av`LNuRZrQ]HiWXJ:OrN%nqZt]s#","FLA122036RFC 945 359 11 0 0","FLA12205502DAWcicEmHfRKk=:iyuPthu%mdmcl","FLA12205802Av`LN@ZR[;oFeS_qaaD`ycdw%wav","FLA12205902DAWci`?wCeYeFx\u003cJ::g;O:YBLEKD","FLA12205902DAWciCdLa?k?#J\u003eP@=h\u003cP=VELEKD","FLA12210202Av`LNLoGcCwTwIN@PSnR;QN=S:T;","FLA12210303vwstMPJQYllsor","FLA12210702DAWci:[SeHtYrDlVFP\u003eQ=PCX\u003eWAV","FLA12212202Av`LNIhPZ@l_\u003cjRqaXmY:OP;R;U:","FLA12212402DAWciMx@U]QxSexfvuPthu%mdmcl","FLA12212902DAWcih?w:sGWtBKAQB_CWBQ:T=S\u003c","FLA12213402DAWcinW_v?ktTbiue\u003ci=Q\u003cWDMDJE","FLA12214802DAWciXfN%VbOl:%o_k]j%khs]tZu","FLA12214802DAWci%QiV%JnM[]l#lZmalgt]tZu","FLA12215802Av`LN[JbV_KWtBYBRf;g#qn]sZt[","FLA12215802DAWciv\u003ctlDx_\u003cjajZNsOIX;PFOIN","FLA12220303vwstEHBIAeeZf[","FLA12220802DAWciu;snGsbIw\u003cK;=K\u003cRCP;R;U:","FLA12220802Av`LNs\u003evmDx_\u003cjIVFHVIUHGT=T:U","FLA12221202DAWcit;sKbVVuC%n%OANHY:QGNHO","FLA12221302Av`LN`V%XaMRyGSp`OAN:OP;U\u003cR=","FLA12221302Av`LNQfN]ThUwIB`p\u003eP?K\u003eAJCJDK","FLA12221602DAWcikCkT#PVuC%CSdre\u003eODW\u003eWAV","FLA12221802Av`LNJbJiQ]UwILyi#j]q#_lbkej","FLA12222002DAWcioFny\u003ejEgYn%nTqUufm%w%x_","FLA12222502Av`LNOMNLcWnLZREU_B%j_#ohqgp","FLA12223902=AXdfbFnE@l:oAm`pJwKP@WDMDJE","FLA12224302=AXdfyW_`eYPZLlaqYlXSCL?Y@VA","FLA12230303vwstLQKPXmmrns","FLA12232902DAWcirbiQhTeHvFaqCUBVCP;R;U:","FLA12233302DAWci@PKqIuCfXVo_WIVBW\u003cOIPFQ","FLA12233302DAWciSCH\u003csGxUc:csIWHTIJAXAW@","FLA12233702DAWcifwtqGsIdR?gwm[l`mfu[r#s","FLA12234702DAWciLHCIo;A[MFUEVkWCV=NGNHO","FLA12235202DAWcioibpFrnLZ=K;N@O;NEV@Y?X","FLA12235302DAWcibmn:tHHbTjXHygxdyZqhqgp","FLA12235802DAWci\u003cSXpDxrXfd=Mfxgsfm%xaw`","FLA12240102DAWci#uv#WcnLZoTDh=iuhk`y`va","FLA122402AZNSTAT 0 0","FLA12240303vwst\u003e;A:B%%i]h","FLA12240702DAWciqJQqBvoM[dueOrN:ODWAX\u003eY","FLA12240802DAWcigCH@rFwRdK;K:L;O:YBKBLC","FLA12241502DAWcigBIo\u003ejQl:wN\u003eserfs`kelbm","FLA12241602DAWciiDG_O[FcUSyiGYFRGL?V?Y\u003e","FLA12242602DAWciIefRgSsVh?[kserfs`kelbm","FLA12242602DAWcioKP@l@[\u003epCgwucthu%mdmcl","FLA12243002DAWci[?\u003c[P#\u003e[MQn%[mZn[xcmdje","FLA12243102DAWciJqjVdX_:l#;KL:MALGT=T:U","FLA12244102DAWciHbiQWbKn@uRBYGXDY:QGNHO","FLA12244402DAWcibHCXLaUxFuRBYGXDY:QHQGP","FLA12244902DAWcikbid%K_:lqO?M;L@MFU;R\u003cS","FLA12245202DAWciLDGvwB@ZLa\u003eN@NAM@SHQHNI","FLA122452RFC 1457 496 13 0 0","FLA12250303vwstehbiaBB=I\u003c","FLA12250802DAWci?YRNGruVhiFVkVj%khs]tZu","FLA12251102DAWcir#_qfSYrDrVF`Eam`shqhni","FLA12252802DAWci#yrucVpJ#xTD`Eam`shngqf","FLA12252802DAWciiloJ\u003cq#\u003epkO?b?cwbqZsZt[","FLA12255802=AXdf[_#psFXfXCaqg:fO=RIPIOH","FLA12260002DAWciCMN:hUWrDtdtg:frgl_y`va","FLA12260303vwtsUXRYQwwptq","FLA12261202=AXdf?\u003c?WN[q?qJHXoSoj`wdjcmb","FLA12261302DAWci`:AnYd\u003c`NAAQvJvbw#ofoin","FLA12261902DAWciZsxE#QTxFLN\u003eZFZn[xcmdje","FLA12262402DAWci#ry\u003eLa]Aob_oVjVBW\u003cOFOIN","FLA12262802DAWcijfef?jxTbIp`\u003eb\u003eJ?TGQHNI","FLA12263602DAWcinefoRgB]KkSCAeAM@SHQHNI","FLA12263702=AXdfqFndZOFwI\u003cbryMyl%ybkblc","FLA12264002DAWciY=\u003eZGrTk=Baqf:frgl_y`va","FLA12264802=AXdfS#TdWcIyGGJ:=i=WEJAW\u003eX?","FLA12264902DAWciX?\u003cUlA]Btuuei=iuhk`y`va","FLA12265302DAWciY?\u003cUFsYn@ehxqUq]pcx%wav","FLA12265802=AXdfhU]yHtUfXZhxjVjft[pipfq","FLA12270202=AXdfpYaN_KcXf:ue]I]ycl_y`va","FLA12270303vwstbfdg_\u003e\u003eI=H","FLA12270802DAWciP\u003e=RlAEiW#AQ%B%j_tgngqf","FLA12271302DAWciNA:Sp=;_QlTDh\u003chtijaw%x_","FLA12271302DAWci_ol\u003eeXVrDTl#H#HTIJAXAW@","FLA12271602=AXdfQpHPXegTbe=MMxLFT;PIPFQ","FLA12272002=AXdfJjB%iTM%P]EUf;gm_xcmdje","FLA12272802=AXdfNlDUN[UgYjL\u003c@NAXBM\u003eW\u003eX?","FLA12272902DAWcik[`gOZtXf=[koanZodwax%y","FLA12272902DAWciO@;#TilP%vWG?Q\u003eJ?TGNGQF","FLA12273202=AXdf_w?LVcFtBhIYTBU\u003cNIR\u003cU;T","FLA12274002DAWcialovGr%;mmK;J\u003cK?JIR\u003cU;T","FLA12275102DAWciHRYg%h#\u003epWxh:g;O:YBKBLC","FLA12280303vwst;\u003e\u003c?Gffae`","FLA12280402DAWciwol::DMoAA%n_q%j_tgqhni","FLA122818AZNSTAT 0 0","FLA12285002=AXdfCxAfFstGy=cs?b\u003eIR=NGNHO","FLA12285402=AXdfgT]Op=EvHnRByLxo#shngqf","FLA12290303vwst:?=\u003eF[[dad","FLA122908RFC 1967 662 17 0 0","FLA12293602=AXdfonFv@mO_Q\u003eO?N@O\u003eOFU\u003cU;T","FLA12294102=AXdfuoG]Rg%OaTBRoRnM?VEKBLC","FLA12300303vwstMPJQYmmror","FLA12300502=AXdf@MeP_JdRd]HX=K\u003cn_xcjcmb","FLA12301202=AXdfZmEwGrFxFRp`q_pP:UFPIOH","FLA12301802=AXdflZRsFsnAo?N\u003eZG[XDK@Y@VA","FLA12302202=AXdfds;\u003co:=j\u003co%nVkW#pgtZs]r","FLA12303102=AXdfV@xC;EYfXMvfvhwk[tgngqf","FLA12304302=AXdfdFnAj?k\u003cjubrSnRXBM\u003eXAW@","FLA12304702=AXdfDMeh`fptqn`pRoS%jev_v`w","FLA12305202=AXdf:`XxnxYMXueutbuk_xcmdje","FLA12305302=AXdf?[Si#b#i#N\u003eNESDwbm%w%x_","FLA12305802=AXdf#\u003ctg#bkvksP@WIVWBM\u003eXAW@","FLA12310102=AXdfRqI:I?c%cL\u003cL:L;QAVELEKD","FLA12310303vwstOJPKSFFADA","FLA12311502=AXdfC[SvqwrpuwhxYlXVDK@V?Y\u003e","FLA12311902=AXdfBZRdZdykvwcsTqUj%ybkblc","FLA12314102=AXdfhQi%c]e%c_l#\u003ec?ix_lbkej","FLA12314102=AXdf_V%e[eXJW`xhB_CPAVELEKD","FLA12320303vwtsXUWTL\u003e\u003eI\u003cI","FLA12322202DAWciD=?hGAmM[kGWDaEYDO\u003cU\u003cR=","FLA12322802DAWcie#%?ZdVvHZ\u003eNoSo[nev`y_x","FLA123234AZNSTAT 0 0","FLA12330303vwts%[aZb;;DAD","FLA123324RFC 2479 935 21 0 0","FLA12334002Av`LNkvtrNXpJ#dM=uQuitwdmdje","FLA12334702Av`LN?CIE_i:`N?aq=i=Q\u003c?LBKEJ","FLA12335802Av`LNAGEkJTRxFRFVi=im_Zqhqgp","FLA12340303vwstUXRYQ==B?B","FLA12340402Av`LNwqkrPVPj\u003cHN\u003evJvguxcmdje","FLA12342702Av`LNZVUO;EmP%BAQMxLISVELEKD","FLA12343002DAWcifMNrf`XuCFp`wJv]ohsZs]r","FLA12343602Av`LNcUVJAGlQ_uTD#H#vdir#u[t","FLA12343802DAWciQ_#JAGeHv]AQoSodvajdmcl","FLA12343902=AXdf?t\u003c_LarpuBhxWkWufqZt]s#","FLA12344102=AXdfMgO[Q#G=HF_oNrNhs#ofoin","FLA12345102=AXdft\u003evqyomwjbtdwJvSHO\u003cR;U:","FLA12345202=AXdfdNfmukKVK%qaaD`RIN=T=S\u003c","FLA12345302Av`LNUibevpvTbIVFC%BJ@=NGNHO","FLA12345902Av`LNYbixe[[Ao_xhD`Dajo#r[uZ","FLA12350102Av`LNqXSctjjP%BBR#H#@KN=T=S\u003c","FLA12350303vwstQLNMUqqvkv","FLA12350302DAWcitMNWH\u003eWuCcdt\u003ch\u003cgt[pipfq","FLA12350702DAWciUkpN?IWuC[`pI]IZqfu[r#s","FLA12350902=AXdfZPhJ_JUPURK;tPt;PGT:S=R","FLA12351602=AXdftNfL`MymxFqa?c?]nir[r#s","FLA12351902DAWciMolTI?Nl:eO?[G[rin]t]s#","FLA12352202=AXdfHfNo=p;G:?_oKwKk`wdjcmb","FLA12352302Av`LNs[`GUK?]KXyiEaEVEHS=T:U","FLA12352402DAWciYA:hrlZ@nCdtXlX:QFU;R\u003cS","FLA12353002Av`LN=UVIZdA[MxJ:mYm@LQ:S:T;","FLA12353602Av`LNLnmqQWqK];O?tPtq]`kelbm","FLA12360303vwstLQKPXjjupu","FLA12361502=AXdfqMejjt]i#rQAWIVL?XCJCMB","FLA12362002=AXdf`\u003ctFI?%Q_tO?L:MVEJAW\u003eX?","FLA123650AZNSTAT 0 0","FLA12365202=AXdf\u003eZRcsmWJWRqaq_prin]t]s#","FLA12365602=AXdfWs;VH\u003exmx[HXHVI;PGT:S=R","FLA12370303vwstKNLOWvvqtq","FLA12370302=AXdfoOgg?Imxm@P@b?c@MBY@Y?X","FLA12371002=AXdf\u003cbJH]crorwL\u003cM;LM@WDJCMB","FLA12371902=AXdfCv\u003eWoyRORiyi;f:vdk`y`va","FLA12372302=AXdfZLdPyoB?BxhxJwKguZqgnho","FLA12372302=AXdftBjWnxC\u003eCo_oUpTakdw%wav","FLA12372702=AXdfLZR`jtB?B#m]?b\u003esin]sZt[","FLA12372802=AXdf_Phftj?B?TBRsNr\u003eLCXAX\u003eY","FLA123740RFC 2991 1205 24 0 0","FLA12380303vwstYTVUM??H=H","FLA12385102DAWci\u003cqkH\u003eImHvyRBiwhN?XCJCMB","FLA12385102Av`LNdYSd[dMhVYrbIWHudir[r#s","FLA12385602DAWciVciH\u003eIlIwiHX@O@yho#r[uZ","FLA12385602Av`LNvCI`g`WZL:[kctc]lqZt]s#","FLA12390303vwstcfdg_llsns","FLA12400303vwst\u003e;A:BXXORO","FLA12410303vwstvrxskaaf[f","FLA124106AZNSTAT 0 0","FLA124156RFC 3503 1681 30 0 0","FLA12420303vwstUXRYQ;;DAD","FLA12421102=AXdfaT#`lrWJWXcsrdswgp[u#r]","FLA12421502=AXdffLdre[\u003eC\u003eYJ:TBUsin]t]s#","FLA12424502=AXdfvMeDSM]h]]gwMxLXHO\u003cR;U:","FLA12424502=AXdfWmEVF@F\u003cIJXHYGXduZqhqgp","FLA12425602=AXdfiBjMGAe_bZhxMxLBY@KELBM","FLA12425902=AXdfZr:FYOf#i#gwUpTUIN=T=S\u003c","FLA12430303vwst]`Zai;;DAD","FLA12430502=AXdfT:rQ\u003cBi[fu=MtQuLAVEKBLC","FLA12430502=AXdfkdLdyoD\u003eC#TD[FZalcxax%y","FLA12431102=AXdfuZRALRRQTtqa#j]oZufpioh","FLA12431202=AXdfbmEbukwlyb]mxfyK:UFOFPG","FLA12433202=AXdfew?OH\u003ec`ejvfMxLZqfu[r#s","FLA12434002=AXdf\u003e?wT;EqroUO?ZG[ugp[r[uZ","FLA12434402=AXdfghP%vp@C\u003exjZB_CM?XCMDJE","FLA12440303vwstRWUVNnnyly","FLA12440302=AXdfaV_pf`pxmLVFK=J`jdw%wav","FLA12441202=AXdfgKbZ`fAI\u003c[dtser%nhs]tZu","FLA12450303vwtsMPJQYyynsn","FLA124522AZNSTAT 0 0","FLA12460303vwts\u003e;A:Bcc#i#","FLA124612RFC 4015 1795 30 0 0","FLA12470303vwtsLQKPXyynsn","FLA12480303utwxhegd#==B?B","FLA12484602DAWciD[`dh%%]hlCSc\u003ebwgp[r[uZ","FLA12485902DAWciYxsQKU\u003c\u003cI@%nrOs\u003eMDWAX\u003eY","FLA12490002DAWciQqj\u003eVP\u003e\u003eC\u003eaquPtj%wdmdje","FLA12490303utwxidfe]\u003c\u003cC\u003eC","FLA12490502DAWciPpk@TJyyl?]mvKwk_vekblc","FLA12490502DAWciA`[lf`??BKqab?cCVAJCJDK","FLA12493002DAWcimWTBZdVWJvSCXFYBY\u003eMCJDK","FLA12493602DAWcii\u003c?yKUCE@cFVFXGM@WDMDJE","FLA124938AZNSTAT 0 0","FLA12500303utvyidfe]II\u003eC\u003e","FLA12500402DAWci`DGCjtuadjL\u003cUCT\u003eMBY?V@W","FLA12501402DAWciwJQbSM%roRaqn`ouejaxaw`","FLA12501802DAWci\u003echuE;:WJy;KL:MWGP;U\u003cR=","FLA12501802DAWciGZaTe[v[fBp``na=LCXAX\u003eY","FLA12502202DAWcisNMwF@_roLfv[mZ\u003eOHS=T:U","FLA12502302DAWcipSXFwqBORZXHN@O_mby`y_x","FLA12502702DAWcipQJ\u003eoyCNS%SCP\u003eQakdwax%y","FLA125028RFC 4527 1887 31 0 0","FLA12504302DAWcihCHkrmOE@cJ:=K\u003cIY\u003eMDMCL","FLA12504802DAWciLnm@jtji#iRBFXGCS\u003cOIPFQ","FLA12510303utvya#%]e??H=H","FLA12513002DAWcinyrPZdCKVVK;J\u003cKTIN=T=S\u003c","FLA12514302DAWcif[`M[edmx]SC\u003ec?\u003eOHS=T:U","FLA12520303utvy]`ZaiHH?B?","FLA12521002DAWci=BIjju\u003eXMTDTKvJ@PGT=T:U","FLA12521402DAWcibxs``gavkwgwE`DVFQ:T=S\u003c","FLA12521502DAWcio]%tujmb_iyiJwK:KDW\u003eWAV","FLA12522002DAWciDWTB@GOH=\u003cL\u003c%C_BX?LBKEJ","FLA12523902DAWci;MNLPWBMXleu;f:DT;PIPFQ","FLA12524402DAWciFVUFC\u003cPG:fo_;f:AQFU;R\u003cS","FLA12524602DAWci;KPrujR=H#ue:g;TEJAXAW@","FLA12525202DAWciUBIbc#pgZFO?e@dKAVEKBLC","FLA125258010","FLA12530303utvyMPJylLLSNS","FLA12531102DAWciwibEFA%ylXAQ@NALAVELEKD","FLA12531502DAWciM:A]%iFQTpiyhvitin]sZt[","FLA12531802DAWciWGDGB=ZupT=M\u003cJ=RCL?V?Y\u003e","FLA12532402DAWcidtw%afCLYmdtesdIS\u003cOIPFQ","FLA12534202DAWcijib%]b=ROsZj[mZPAVELEKD","FLA12534902DAWcicqjJLS%ylXAQ@NAHR;PFOIN","FLA125354AZNSTAT 0 0","FLA12540303utvyokqROnnyly","FLA125444RFC 5039 1922 33 0 0","FLA12550303utvy_[axpQQVKV","FLA12560303utvybfd[cAAF;F","FLA12570303utvyRVTLTnnyly","FLA12573702DAWciVvuj%i=TQOM=OAN?MBY@Y?X"],"Task":{"DeclarationDate":"0001-01-01T00:00:00Z","Date":"0001-01-01T00:00:00Z","Number":0,"Takeoff":{"Lat":0,"Lng":0,"Time":"0001-01-01T00:00:00Z","FixValidity":0,"PressureAltitude":0,"GNSSAltitude":0,"IData":null,"NumSatellites":0,"Description":""},"Start":{"Lat":0,"Lng":0,"Time":"0001-01-01T00:00:00Z","FixValidity":0,"PressureAltitude":0,"GNSSAltitude":0,"IData":null,"NumSatellites":0,"Description":""},"Turnpoints":null,"Finish":{"Lat":0,"Lng":0,"Time":"0001-01-01T00:00:00Z","FixValidity":0,"PressureAltitude":0,"GNSSAltitude":0,"IData":null,"NumSatellites":0,"Description":""},"Landing":{"Lat":0,"Lng":0,"Time":"0001-01-01T00:00:00Z","FixValidity":0,"PressureAltitude":0,"GNSSAltitude":0,"IData":null,"NumSatellites":0,"Description":""},"Description":""},"DGPSStationID":"","Signature":"2A01203953D6563B6C5B93E733ADB945E7C7438C0000128A4D0BE110F2626904112EA000D8476BC6537C0000"}